Archive member included to satisfy reference by file (symbol)

/home/joe2/.arm/DS-5_CE_v5.27.0/workbench/plugins/fr.ac6.mcu.externaltools.arm-none.linux64_1.15.0.201708311556/tools/compiler/bin/../lib/gcc/arm-none-eabi/6.3.1/thumb/v7-m/libgcc.a(_arm_addsubdf3.o)
                              src/main.o (__aeabi_f2d)
/home/joe2/.arm/DS-5_CE_v5.27.0/workbench/plugins/fr.ac6.mcu.externaltools.arm-none.linux64_1.15.0.201708311556/tools/compiler/bin/../lib/gcc/arm-none-eabi/6.3.1/../../../../arm-none-eabi/lib/thumb/v7-m/libc.a(lib_a-errno.o)
                              src/syscalls.o (__errno)
/home/joe2/.arm/DS-5_CE_v5.27.0/workbench/plugins/fr.ac6.mcu.externaltools.arm-none.linux64_1.15.0.201708311556/tools/compiler/bin/../lib/gcc/arm-none-eabi/6.3.1/../../../../arm-none-eabi/lib/thumb/v7-m/libc.a(lib_a-exit.o)
                              /home/joe2/.arm/DS-5_CE_v5.27.0/workbench/plugins/fr.ac6.mcu.externaltools.arm-none.linux64_1.15.0.201708311556/tools/compiler/bin/../lib/gcc/arm-none-eabi/6.3.1/../../../../arm-none-eabi/lib/thumb/v7-m/crt0.o (exit)
/home/joe2/.arm/DS-5_CE_v5.27.0/workbench/plugins/fr.ac6.mcu.externaltools.arm-none.linux64_1.15.0.201708311556/tools/compiler/bin/../lib/gcc/arm-none-eabi/6.3.1/../../../../arm-none-eabi/lib/thumb/v7-m/libc.a(lib_a-impure.o)
                              /home/joe2/.arm/DS-5_CE_v5.27.0/workbench/plugins/fr.ac6.mcu.externaltools.arm-none.linux64_1.15.0.201708311556/tools/compiler/bin/../lib/gcc/arm-none-eabi/6.3.1/../../../../arm-none-eabi/lib/thumb/v7-m/libc.a(lib_a-exit.o) (_global_impure_ptr)
/home/joe2/.arm/DS-5_CE_v5.27.0/workbench/plugins/fr.ac6.mcu.externaltools.arm-none.linux64_1.15.0.201708311556/tools/compiler/bin/../lib/gcc/arm-none-eabi/6.3.1/../../../../arm-none-eabi/lib/thumb/v7-m/libc.a(lib_a-init.o)
                              /home/joe2/.arm/DS-5_CE_v5.27.0/workbench/plugins/fr.ac6.mcu.externaltools.arm-none.linux64_1.15.0.201708311556/tools/compiler/bin/../lib/gcc/arm-none-eabi/6.3.1/../../../../arm-none-eabi/lib/thumb/v7-m/crt0.o (__libc_init_array)
/home/joe2/.arm/DS-5_CE_v5.27.0/workbench/plugins/fr.ac6.mcu.externaltools.arm-none.linux64_1.15.0.201708311556/tools/compiler/bin/../lib/gcc/arm-none-eabi/6.3.1/../../../../arm-none-eabi/lib/thumb/v7-m/libc.a(lib_a-memset.o)
                              /home/joe2/.arm/DS-5_CE_v5.27.0/workbench/plugins/fr.ac6.mcu.externaltools.arm-none.linux64_1.15.0.201708311556/tools/compiler/bin/../lib/gcc/arm-none-eabi/6.3.1/../../../../arm-none-eabi/lib/thumb/v7-m/crt0.o (memset)
/home/joe2/.arm/DS-5_CE_v5.27.0/workbench/plugins/fr.ac6.mcu.externaltools.arm-none.linux64_1.15.0.201708311556/tools/compiler/bin/../lib/gcc/arm-none-eabi/6.3.1/../../../../arm-none-eabi/lib/thumb/v7-m/libc.a(lib_a-snprintf.o)
                              src/main.o (snprintf)
/home/joe2/.arm/DS-5_CE_v5.27.0/workbench/plugins/fr.ac6.mcu.externaltools.arm-none.linux64_1.15.0.201708311556/tools/compiler/bin/../lib/gcc/arm-none-eabi/6.3.1/../../../../arm-none-eabi/lib/thumb/v7-m/libc.a(lib_a-svfprintf.o)
                              /home/joe2/.arm/DS-5_CE_v5.27.0/workbench/plugins/fr.ac6.mcu.externaltools.arm-none.linux64_1.15.0.201708311556/tools/compiler/bin/../lib/gcc/arm-none-eabi/6.3.1/../../../../arm-none-eabi/lib/thumb/v7-m/libc.a(lib_a-snprintf.o) (_svfprintf_r)
/home/joe2/.arm/DS-5_CE_v5.27.0/workbench/plugins/fr.ac6.mcu.externaltools.arm-none.linux64_1.15.0.201708311556/tools/compiler/bin/../lib/gcc/arm-none-eabi/6.3.1/../../../../arm-none-eabi/lib/thumb/v7-m/libc.a(lib_a-__call_atexit.o)
                              /home/joe2/.arm/DS-5_CE_v5.27.0/workbench/plugins/fr.ac6.mcu.externaltools.arm-none.linux64_1.15.0.201708311556/tools/compiler/bin/../lib/gcc/arm-none-eabi/6.3.1/../../../../arm-none-eabi/lib/thumb/v7-m/libc.a(lib_a-exit.o) (__call_exitprocs)
/home/joe2/.arm/DS-5_CE_v5.27.0/workbench/plugins/fr.ac6.mcu.externaltools.arm-none.linux64_1.15.0.201708311556/tools/compiler/bin/../lib/gcc/arm-none-eabi/6.3.1/../../../../arm-none-eabi/lib/thumb/v7-m/libc.a(lib_a-atexit.o)
                              /home/joe2/.arm/DS-5_CE_v5.27.0/workbench/plugins/fr.ac6.mcu.externaltools.arm-none.linux64_1.15.0.201708311556/tools/compiler/bin/../lib/gcc/arm-none-eabi/6.3.1/../../../../arm-none-eabi/lib/thumb/v7-m/libc.a(lib_a-__call_atexit.o) (atexit)
/home/joe2/.arm/DS-5_CE_v5.27.0/workbench/plugins/fr.ac6.mcu.externaltools.arm-none.linux64_1.15.0.201708311556/tools/compiler/bin/../lib/gcc/arm-none-eabi/6.3.1/../../../../arm-none-eabi/lib/thumb/v7-m/libc.a(lib_a-dtoa.o)
                              /home/joe2/.arm/DS-5_CE_v5.27.0/workbench/plugins/fr.ac6.mcu.externaltools.arm-none.linux64_1.15.0.201708311556/tools/compiler/bin/../lib/gcc/arm-none-eabi/6.3.1/../../../../arm-none-eabi/lib/thumb/v7-m/libc.a(lib_a-svfprintf.o) (_dtoa_r)
[...]
Memory Configuration

Name             Origin             Length             Attributes
RAM              0x0000000020000000 0x0000000000005000 xrw
ROM              0x0000000008000000 0x0000000000010000 xr
*default*        0x0000000000000000 0xffffffffffffffff

Linker script and memory map

LOAD /home/joe2/.arm/DS-5_CE_v5.27.0/workbench/plugins/fr.ac6.mcu.externaltools.arm-none.linux64_1.15.0.201708311556/tools/compiler/bin/../lib/gcc/arm-none-eabi/6.3.1/thumb/v7-m/crti.o
LOAD /home/joe2/.arm/DS-5_CE_v5.27.0/workbench/plugins/fr.ac6.mcu.externaltools.arm-none.linux64_1.15.0.201708311556/tools/compiler/bin/../lib/gcc/arm-none-eabi/6.3.1/thumb/v7-m/crtbegin.o
LOAD /home/joe2/.arm/DS-5_CE_v5.27.0/workbench/plugins/fr.ac6.mcu.externaltools.arm-none.linux64_1.15.0.201708311556/tools/compiler/bin/../lib/gcc/arm-none-eabi/6.3.1/../../../../arm-none-eabi/lib/thumb/v7-m/crt0.o
LOAD HAL_Driver/Src/stm32f1xx_hal.o
LOAD HAL_Driver/Src/stm32f1xx_hal_adc.o
LOAD HAL_Driver/Src/stm32f1xx_hal_adc_ex.o
LOAD HAL_Driver/Src/stm32f1xx_hal_can.o
LOAD HAL_Driver/Src/stm32f1xx_hal_cec.o
LOAD HAL_Driver/Src/stm32f1xx_hal_cortex.o
LOAD HAL_Driver/Src/stm32f1xx_hal_crc.o
LOAD HAL_Driver/Src/stm32f1xx_hal_dac.o
LOAD HAL_Driver/Src/stm32f1xx_hal_dac_ex.o
LOAD HAL_Driver/Src/stm32f1xx_hal_dma.o
LOAD HAL_Driver/Src/stm32f1xx_hal_eth.o
LOAD HAL_Driver/Src/stm32f1xx_hal_flash.o
LOAD HAL_Driver/Src/stm32f1xx_hal_flash_ex.o
LOAD HAL_Driver/Src/stm32f1xx_hal_gpio.o
LOAD HAL_Driver/Src/stm32f1xx_hal_gpio_ex.o
LOAD HAL_Driver/Src/stm32f1xx_hal_hcd.o
LOAD HAL_Driver/Src/stm32f1xx_hal_i2c.o
LOAD HAL_Driver/Src/stm32f1xx_hal_i2s.o
LOAD HAL_Driver/Src/stm32f1xx_hal_irda.o
LOAD HAL_Driver/Src/stm32f1xx_hal_iwdg.o
LOAD HAL_Driver/Src/stm32f1xx_hal_mmc.o
LOAD HAL_Driver/Src/stm32f1xx_hal_msp_template.o
LOAD HAL_Driver/Src/stm32f1xx_hal_nand.o
LOAD HAL_Driver/Src/stm32f1xx_hal_nor.o
LOAD HAL_Driver/Src/stm32f1xx_hal_pccard.o
LOAD HAL_Driver/Src/stm32f1xx_hal_pcd.o
LOAD HAL_Driver/Src/stm32f1xx_hal_pcd_ex.o
LOAD HAL_Driver/Src/stm32f1xx_hal_pwr.o
LOAD HAL_Driver/Src/stm32f1xx_hal_rcc.o
LOAD HAL_Driver/Src/stm32f1xx_hal_rcc_ex.o
LOAD HAL_Driver/Src/stm32f1xx_hal_rtc.o
LOAD HAL_Driver/Src/stm32f1xx_hal_rtc_ex.o
LOAD HAL_Driver/Src/stm32f1xx_hal_sd.o
LOAD HAL_Driver/Src/stm32f1xx_hal_smartcard.o
LOAD HAL_Driver/Src/stm32f1xx_hal_spi.o
LOAD HAL_Driver/Src/stm32f1xx_hal_spi_ex.o
LOAD HAL_Driver/Src/stm32f1xx_hal_sram.o
LOAD HAL_Driver/Src/stm32f1xx_hal_tim.o
LOAD HAL_Driver/Src/stm32f1xx_hal_tim_ex.o
LOAD HAL_Driver/Src/stm32f1xx_hal_uart.o
LOAD HAL_Driver/Src/stm32f1xx_hal_usart.o
LOAD HAL_Driver/Src/stm32f1xx_hal_wwdg.o
LOAD HAL_Driver/Src/stm32f1xx_ll_adc.o
LOAD HAL_Driver/Src/stm32f1xx_ll_crc.o
LOAD HAL_Driver/Src/stm32f1xx_ll_dac.o
LOAD HAL_Driver/Src/stm32f1xx_ll_dma.o
LOAD HAL_Driver/Src/stm32f1xx_ll_exti.o
LOAD HAL_Driver/Src/stm32f1xx_ll_fsmc.o
LOAD HAL_Driver/Src/stm32f1xx_ll_gpio.o
LOAD HAL_Driver/Src/stm32f1xx_ll_i2c.o
LOAD HAL_Driver/Src/stm32f1xx_ll_pwr.o
LOAD HAL_Driver/Src/stm32f1xx_ll_rcc.o
LOAD HAL_Driver/Src/stm32f1xx_ll_rtc.o
LOAD HAL_Driver/Src/stm32f1xx_ll_sdmmc.o
LOAD HAL_Driver/Src/stm32f1xx_ll_spi.o
LOAD HAL_Driver/Src/stm32f1xx_ll_tim.o
LOAD HAL_Driver/Src/stm32f1xx_ll_usart.o
LOAD HAL_Driver/Src/stm32f1xx_ll_usb.o
LOAD HAL_Driver/Src/stm32f1xx_ll_utils.o
LOAD src/main.o
LOAD src/stm32f1xx_it.o
LOAD src/syscalls.o
LOAD src/system_stm32f1xx.o
LOAD startup/startup_stm32.o
LOAD /home/joe2/.arm/DS-5_CE_v5.27.0/workbench/plugins/fr.ac6.mcu.externaltools.arm-none.linux64_1.15.0.201708311556/tools/compiler/bin/../lib/gcc/arm-none-eabi/6.3.1/../../../../arm-none-eabi/lib/thumb/v7-m/libstdc++.a
LOAD /home/joe2/.arm/DS-5_CE_v5.27.0/workbench/plugins/fr.ac6.mcu.externaltools.arm-none.linux64_1.15.0.201708311556/tools/compiler/bin/../lib/gcc/arm-none-eabi/6.3.1/../../../../arm-none-eabi/lib/thumb/v7-m/libm.a
START GROUP
LOAD /home/joe2/.arm/DS-5_CE_v5.27.0/workbench/plugins/fr.ac6.mcu.externaltools.arm-none.linux64_1.15.0.201708311556/tools/compiler/bin/../lib/gcc/arm-none-eabi/6.3.1/thumb/v7-m/libgcc.a
LOAD /home/joe2/.arm/DS-5_CE_v5.27.0/workbench/plugins/fr.ac6.mcu.externaltools.arm-none.linux64_1.15.0.201708311556/tools/compiler/bin/../lib/gcc/arm-none-eabi/6.3.1/../../../../arm-none-eabi/lib/thumb/v7-m/libc.a
END GROUP
LOAD /home/joe2/.arm/DS-5_CE_v5.27.0/workbench/plugins/fr.ac6.mcu.externaltools.arm-none.linux64_1.15.0.201708311556/tools/compiler/bin/../lib/gcc/arm-none-eabi/6.3.1/thumb/v7-m/crtend.o
LOAD /home/joe2/.arm/DS-5_CE_v5.27.0/workbench/plugins/fr.ac6.mcu.externaltools.arm-none.linux64_1.15.0.201708311556/tools/compiler/bin/../lib/gcc/arm-none-eabi/6.3.1/thumb/v7-m/crtn.o
                0x0000000020005000                _estack = 0x20005000
                0x0000000000000000                _Min_Heap_Size = 0x0
                0x0000000000000400                _Min_Stack_Size = 0x400

.isr_vector     0x0000000008000000      0x130
                0x0000000008000000                . = ALIGN (0x4)
 *(.isr_vector)
 .isr_vector    0x0000000008000000      0x130 startup/startup_stm32.o
                0x0000000008000000                g_pfnVectors
                0x0000000008000130                . = ALIGN (0x4)

.text           0x0000000008000130      0x66c
                0x0000000008000130                . = ALIGN (0x4)
 *(.text)
 .text          0x0000000008000130       0x6c /home/joe2/.arm/DS-5_CE_v5.27.0/workbench/plugins/fr.ac6.mcu.externaltools.arm-none.linux64_1.15.0.201708311556/tools/compiler/bin/../lib/gcc/arm-none-eabi/6.3.1/thumb/v7-m/crtbegin.o
 *(.text*)
 .text.HAL_IncTick
                0x000000000800019c       0x1c HAL_Driver/Src/stm32f1xx_hal.o
                0x000000000800019c                HAL_IncTick
 .text.HAL_SYSTICK_IRQHandler
                0x00000000080001b8        0xc HAL_Driver/Src/stm32f1xx_hal_cortex.o
                0x00000000080001b8                HAL_SYSTICK_IRQHandler
 .text.HAL_SYSTICK_Callback
                0x00000000080001c4        0xc HAL_Driver/Src/stm32f1xx_hal_cortex.o
                0x00000000080001c4                HAL_SYSTICK_Callback
 .text.badTimDelLCD
                0x00000000080001d0       0x26 src/main.o
                0x00000000080001d0                badTimDelLCD
 *fill*         0x00000000080001f6        0x2 
 .text.setPortNPinsToOutLCD
                0x00000000080001f8       0xc8 src/main.o
                0x00000000080001f8                setPortNPinsToOutLCD
 .text.initializePortsLCD
                0x00000000080002c0       0x68 src/main.o
                0x00000000080002c0                initializePortsLCD
 .text.sendBitToPortnPin
                0x0000000008000328       0x44 src/main.o
                0x0000000008000328                sendBitToPortnPin
 .text.enAndDelLCD
                0x000000000800036c       0x1c src/main.o
                0x000000000800036c                enAndDelLCD
 .text.setWriteLCD
                0x0000000008000388       0x18 src/main.o
                0x0000000008000388                setWriteLCD
 .text.cmdModeLCD
                0x00000000080003a0       0x18 src/main.o
                0x00000000080003a0                cmdModeLCD
 .text.charModeLCD
                0x00000000080003b8       0x18 src/main.o
                0x00000000080003b8                charModeLCD
 .text.sendByteToLCDpins
                0x00000000080003d0       0xc4 src/main.o
                0x00000000080003d0                sendByteToLCDpins
 .text.sendCharToLCD
                0x0000000008000494       0x26 src/main.o
                0x0000000008000494                sendCharToLCD
 .text.sendCmdLCD
                0x00000000080004ba       0x26 src/main.o
                0x00000000080004ba                sendCmdLCD
 .text.sendStrLCD
                0x00000000080004e0       0x28 src/main.o
                0x00000000080004e0                sendStrLCD
 .text.stdSetupDisplayLCD
                0x0000000008000508       0x2a src/main.o
                0x0000000008000508                stdSetupDisplayLCD
 *fill*         0x0000000008000532        0x2 
 .text.main     0x0000000008000534       0x14 src/main.o
                0x0000000008000534                main
 .text.SysTick_Handler
                0x0000000008000548       0x10 src/stm32f1xx_it.o
                0x0000000008000548                SysTick_Handler
 .text.SystemInit
                0x0000000008000558       0x68 src/system_stm32f1xx.o
                0x0000000008000558                SystemInit
 .text.Reset_Handler
                0x00000000080005c0       0x50 startup/startup_stm32.o
                0x00000000080005c0                Reset_Handler
 .text.Default_Handler
                0x0000000008000610        0x2 startup/startup_stm32.o
                0x0000000008000610                EXTI2_IRQHandler
                0x0000000008000610                TIM8_TRG_COM_IRQHandler
                0x0000000008000610                TIM8_CC_IRQHandler
                0x0000000008000610                DebugMon_Handler
                0x0000000008000610                TIM1_CC_IRQHandler
                0x0000000008000610                HardFault_Handler
                0x0000000008000610                TIM6_IRQHandler
                0x0000000008000610                PVD_IRQHandler
                0x0000000008000610                SDIO_IRQHandler
                0x0000000008000610                PendSV_Handler
                0x0000000008000610                NMI_Handler
                0x0000000008000610                EXTI3_IRQHandler
                0x0000000008000610                USB_HP_CAN_TX_IRQHandler
                0x0000000008000610                EXTI0_IRQHandler
                0x0000000008000610                I2C2_EV_IRQHandler
                0x0000000008000610                UsageFault_Handler
                0x0000000008000610                ADC1_2_IRQHandler
                0x0000000008000610                SPI1_IRQHandler
                0x0000000008000610                CAN_SCE_IRQHandler
                0x0000000008000610                TAMPER_IRQHandler
                0x0000000008000610                TIM8_UP_IRQHandler
                0x0000000008000610                DMA2_Channel2_IRQHandler
                0x0000000008000610                DMA1_Channel4_IRQHandler
                0x0000000008000610                USART3_IRQHandler
                0x0000000008000610                RTC_IRQHandler
                0x0000000008000610                DMA1_Channel7_IRQHandler
                0x0000000008000610                UART5_IRQHandler
                0x0000000008000610                ADC3_IRQHandler
                0x0000000008000610                TIM4_IRQHandler
                0x0000000008000610                CAN_RX1_IRQHandler
                0x0000000008000610                DMA2_Channel1_IRQHandler
                0x0000000008000610                I2C1_EV_IRQHandler
                0x0000000008000610                DMA1_Channel6_IRQHandler
                0x0000000008000610                UART4_IRQHandler
                0x0000000008000610                TIM3_IRQHandler
                0x0000000008000610                RCC_IRQHandler
                0x0000000008000610                TIM1_TRG_COM_IRQHandler
                0x0000000008000610                DMA1_Channel1_IRQHandler
                0x0000000008000610                Default_Handler
                0x0000000008000610                EXTI15_10_IRQHandler
                0x0000000008000610                TIM7_IRQHandler
                0x0000000008000610                TIM5_IRQHandler
                0x0000000008000610                EXTI9_5_IRQHandler
                0x0000000008000610                SPI2_IRQHandler
                0x0000000008000610                USB_LP_CAN_RX0_IRQHandler
                0x0000000008000610                MemManage_Handler
                0x0000000008000610                SVC_Handler
                0x0000000008000610                DMA1_Channel5_IRQHandler
                0x0000000008000610                EXTI4_IRQHandler
                0x0000000008000610                DMA1_Channel3_IRQHandler
                0x0000000008000610                FSMC_IRQHandler
                0x0000000008000610                TIM1_UP_IRQHandler
                0x0000000008000610                WWDG_IRQHandler
                0x0000000008000610                TIM2_IRQHandler
                0x0000000008000610                TIM1_BRK_IRQHandler
                0x0000000008000610                EXTI1_IRQHandler
                0x0000000008000610                RTCAlarm_IRQHandler
                0x0000000008000610                DMA2_Channel4_5_IRQHandler
                0x0000000008000610                USART2_IRQHandler
                0x0000000008000610                I2C2_ER_IRQHandler
                0x0000000008000610                DMA1_Channel2_IRQHandler
                0x0000000008000610                TIM8_BRK_IRQHandler
                0x0000000008000610                FLASH_IRQHandler
                0x0000000008000610                BusFault_Handler
                0x0000000008000610                USART1_IRQHandler
                0x0000000008000610                SPI3_IRQHandler
                0x0000000008000610                I2C1_ER_IRQHandler
                0x0000000008000610                DMA2_Channel3_IRQHandler
 *fill*         0x0000000008000612        0x2 
 .text.__libc_init_array
                0x0000000008000614       0x50 /home/joe2/.arm/DS-5_CE_v5.27.0/workbench/plugins/fr.ac6.mcu.externaltools.arm-none.linux64_1.15.0.201708311556/tools/compiler/bin/../lib/gcc/arm-none-eabi/6.3.1/../../../../arm-none-eabi/lib/thumb/v7-m/libc.a(lib_a-init.o)
                0x0000000008000614                __libc_init_array
 .text.startup.register_fini
                0x0000000008000664       0x14 /home/joe2/.arm/DS-5_CE_v5.27.0/workbench/plugins/fr.ac6.mcu.externaltools.arm-none.linux64_1.15.0.201708311556/tools/compiler/bin/../lib/gcc/arm-none-eabi/6.3.1/../../../../arm-none-eabi/lib/thumb/v7-m/libc.a(lib_a-__call_atexit.o)
 .text.atexit   0x0000000008000678        0xc /home/joe2/.arm/DS-5_CE_v5.27.0/workbench/plugins/fr.ac6.mcu.externaltools.arm-none.linux64_1.15.0.201708311556/tools/compiler/bin/../lib/gcc/arm-none-eabi/6.3.1/../../../../arm-none-eabi/lib/thumb/v7-m/libc.a(lib_a-atexit.o)
                0x0000000008000678                atexit
 .text.__libc_fini_array
                0x0000000008000684       0x34 /home/joe2/.arm/DS-5_CE_v5.27.0/workbench/plugins/fr.ac6.mcu.externaltools.arm-none.linux64_1.15.0.201708311556/tools/compiler/bin/../lib/gcc/arm-none-eabi/6.3.1/../../../../arm-none-eabi/lib/thumb/v7-m/libc.a(lib_a-fini.o)
                0x0000000008000684                __libc_fini_array
 .text.__retarget_lock_acquire_recursive
                0x00000000080006b8        0x4 /home/joe2/.arm/DS-5_CE_v5.27.0/workbench/plugins/fr.ac6.mcu.externaltools.arm-none.linux64_1.15.0.201708311556/tools/compiler/bin/../lib/gcc/arm-none-eabi/6.3.1/../../../../arm-none-eabi/lib/thumb/v7-m/libc.a(lib_a-lock.o)
                0x00000000080006b8                __retarget_lock_acquire_recursive
 .text.__retarget_lock_release_recursive
                0x00000000080006bc        0x4 /home/joe2/.arm/DS-5_CE_v5.27.0/workbench/plugins/fr.ac6.mcu.externaltools.arm-none.linux64_1.15.0.201708311556/tools/compiler/bin/../lib/gcc/arm-none-eabi/6.3.1/../../../../arm-none-eabi/lib/thumb/v7-m/libc.a(lib_a-lock.o)
                0x00000000080006bc                __retarget_lock_release_recursive
 .text.__register_exitproc
                0x00000000080006c0       0xc4 /home/joe2/.arm/DS-5_CE_v5.27.0/workbench/plugins/fr.ac6.mcu.externaltools.arm-none.linux64_1.15.0.201708311556/tools/compiler/bin/../lib/gcc/arm-none-eabi/6.3.1/../../../../arm-none-eabi/lib/thumb/v7-m/libc.a(lib_a-__atexit.o)
                0x00000000080006c0                __register_exitproc
 *(.glue_7)
 .glue_7        0x0000000008000784        0x0 linker stubs
 *(.glue_7t)
 .glue_7t       0x0000000008000784        0x0 linker stubs
 *(.eh_frame)
 .eh_frame      0x0000000008000784        0x0 /home/joe2/.arm/DS-5_CE_v5.27.0/workbench/plugins/fr.ac6.mcu.externaltools.arm-none.linux64_1.15.0.201708311556/tools/compiler/bin/../lib/gcc/arm-none-eabi/6.3.1/thumb/v7-m/crtbegin.o
 *(.init)
 .init          0x0000000008000784        0x4 /home/joe2/.arm/DS-5_CE_v5.27.0/workbench/plugins/fr.ac6.mcu.externaltools.arm-none.linux64_1.15.0.201708311556/tools/compiler/bin/../lib/gcc/arm-none-eabi/6.3.1/thumb/v7-m/crti.o
                0x0000000008000784                _init
 .init          0x0000000008000788        0x8 /home/joe2/.arm/DS-5_CE_v5.27.0/workbench/plugins/fr.ac6.mcu.externaltools.arm-none.linux64_1.15.0.201708311556/tools/compiler/bin/../lib/gcc/arm-none-eabi/6.3.1/thumb/v7-m/crtn.o
 *(.fini)
 .fini          0x0000000008000790        0x4 /home/joe2/.arm/DS-5_CE_v5.27.0/workbench/plugins/fr.ac6.mcu.externaltools.arm-none.linux64_1.15.0.201708311556/tools/compiler/bin/../lib/gcc/arm-none-eabi/6.3.1/thumb/v7-m/crti.o
                0x0000000008000790                _fini
 .fini          0x0000000008000794        0x8 /home/joe2/.arm/DS-5_CE_v5.27.0/workbench/plugins/fr.ac6.mcu.externaltools.arm-none.linux64_1.15.0.201708311556/tools/compiler/bin/../lib/gcc/arm-none-eabi/6.3.1/thumb/v7-m/crtn.o
                0x000000000800079c                . = ALIGN (0x4)
                0x000000000800079c                _etext = .

.vfp11_veneer   0x000000000800079c        0x0
 .vfp11_veneer  0x000000000800079c        0x0 linker stubs

.v4_bx          0x000000000800079c        0x0
 .v4_bx         0x000000000800079c        0x0 linker stubs

.iplt           0x000000000800079c        0x0
 .iplt          0x000000000800079c        0x0 /home/joe2/.arm/DS-5_CE_v5.27.0/workbench/plugins/fr.ac6.mcu.externaltools.arm-none.linux64_1.15.0.201708311556/tools/compiler/bin/../lib/gcc/arm-none-eabi/6.3.1/thumb/v7-m/crtbegin.o

.rodata         0x000000000800079c       0x1c
                0x000000000800079c                . = ALIGN (0x4)
 *(.rodata)
 .rodata        0x000000000800079c       0x15 src/main.o
 *(.rodata*)
 *fill*         0x00000000080007b1        0x3 
 .rodata._global_impure_ptr
                0x00000000080007b4        0x4 /home/joe2/.arm/DS-5_CE_v5.27.0/workbench/plugins/fr.ac6.mcu.externaltools.arm-none.linux64_1.15.0.201708311556/tools/compiler/bin/../lib/gcc/arm-none-eabi/6.3.1/../../../../arm-none-eabi/lib/thumb/v7-m/libc.a(lib_a-impure.o)
                0x00000000080007b4                _global_impure_ptr
                0x00000000080007b8                . = ALIGN (0x4)

.rel.dyn        0x00000000080007b8        0x0
 .rel.iplt      0x00000000080007b8        0x0 /home/joe2/.arm/DS-5_CE_v5.27.0/workbench/plugins/fr.ac6.mcu.externaltools.arm-none.linux64_1.15.0.201708311556/tools/compiler/bin/../lib/gcc/arm-none-eabi/6.3.1/thumb/v7-m/crtbegin.o

.ARM.extab      0x00000000080007b8        0x0
                0x00000000080007b8                . = ALIGN (0x4)
 *(.ARM.extab* .gnu.linkonce.armextab.*)
                0x00000000080007b8                . = ALIGN (0x4)

.ARM            0x00000000080007b8        0x0
                0x00000000080007b8                . = ALIGN (0x4)
                0x00000000080007b8                __exidx_start = .
 *(.ARM.exidx*)
                0x00000000080007b8                __exidx_end = .
                0x00000000080007b8                . = ALIGN (0x4)

.preinit_array  0x00000000080007b8        0x0
                0x00000000080007b8                . = ALIGN (0x4)
                0x00000000080007b8                PROVIDE (__preinit_array_start, .)
 *(.preinit_array*)
                0x00000000080007b8                PROVIDE (__preinit_array_end, .)
                0x00000000080007b8                . = ALIGN (0x4)

.init_array     0x00000000080007b8        0x8
                0x00000000080007b8                . = ALIGN (0x4)
                0x00000000080007b8                PROVIDE (__init_array_start, .)
 *(SORT(.init_array.*))
 .init_array.00000
                0x00000000080007b8        0x4 /home/joe2/.arm/DS-5_CE_v5.27.0/workbench/plugins/fr.ac6.mcu.externaltools.arm-none.linux64_1.15.0.201708311556/tools/compiler/bin/../lib/gcc/arm-none-eabi/6.3.1/../../../../arm-none-eabi/lib/thumb/v7-m/libc.a(lib_a-__call_atexit.o)
 *(.init_array*)
 .init_array    0x00000000080007bc        0x4 /home/joe2/.arm/DS-5_CE_v5.27.0/workbench/plugins/fr.ac6.mcu.externaltools.arm-none.linux64_1.15.0.201708311556/tools/compiler/bin/../lib/gcc/arm-none-eabi/6.3.1/thumb/v7-m/crtbegin.o
                0x00000000080007c0                PROVIDE (__init_array_end, .)
                0x00000000080007c0                . = ALIGN (0x4)

.fini_array     0x00000000080007c0        0x4
                0x00000000080007c0                . = ALIGN (0x4)
                0x00000000080007c0                PROVIDE (__fini_array_start, .)
 *(SORT(.fini_array.*))
 *(.fini_array*)
 .fini_array    0x00000000080007c0        0x4 /home/joe2/.arm/DS-5_CE_v5.27.0/workbench/plugins/fr.ac6.mcu.externaltools.arm-none.linux64_1.15.0.201708311556/tools/compiler/bin/../lib/gcc/arm-none-eabi/6.3.1/thumb/v7-m/crtbegin.o
                0x00000000080007c4                PROVIDE (__fini_array_end, .)
                0x00000000080007c4                . = ALIGN (0x4)
                0x00000000080007c4                _sidata = LOADADDR (.data)

.data           0x0000000020000000      0x42c load address 0x00000000080007c4
                0x0000000020000000                . = ALIGN (0x4)
                0x0000000020000000                _sdata = .
 *(.data)
 *(.data*)
 .data.impure_data
                0x0000000020000000      0x428 /home/joe2/.arm/DS-5_CE_v5.27.0/workbench/plugins/fr.ac6.mcu.externaltools.arm-none.linux64_1.15.0.201708311556/tools/compiler/bin/../lib/gcc/arm-none-eabi/6.3.1/../../../../arm-none-eabi/lib/thumb/v7-m/libc.a(lib_a-impure.o)
 .data.__atexit_recursive_mutex
                0x0000000020000428        0x4 /home/joe2/.arm/DS-5_CE_v5.27.0/workbench/plugins/fr.ac6.mcu.externaltools.arm-none.linux64_1.15.0.201708311556/tools/compiler/bin/../lib/gcc/arm-none-eabi/6.3.1/../../../../arm-none-eabi/lib/thumb/v7-m/libc.a(lib_a-__call_atexit.o)
                0x0000000020000428                __atexit_recursive_mutex
                0x000000002000042c                . = ALIGN (0x4)
                0x000000002000042c                _edata = .

.jcr            0x000000002000042c        0x0 load address 0x0000000008000bf0
 .jcr           0x000000002000042c        0x0 /home/joe2/.arm/DS-5_CE_v5.27.0/workbench/plugins/fr.ac6.mcu.externaltools.arm-none.linux64_1.15.0.201708311556/tools/compiler/bin/../lib/gcc/arm-none-eabi/6.3.1/thumb/v7-m/crtbegin.o

.igot.plt       0x000000002000042c        0x0 load address 0x0000000008000bf0
 .igot.plt      0x000000002000042c        0x0 /home/joe2/.arm/DS-5_CE_v5.27.0/workbench/plugins/fr.ac6.mcu.externaltools.arm-none.linux64_1.15.0.201708311556/tools/compiler/bin/../lib/gcc/arm-none-eabi/6.3.1/thumb/v7-m/crtbegin.o
                0x000000002000042c                . = ALIGN (0x4)

.bss            0x000000002000042c       0x44 load address 0x0000000008000bf0
                0x000000002000042c                _sbss = .
                0x000000002000042c                __bss_start__ = _sbss
 *(.bss)
 .bss           0x000000002000042c       0x1c /home/joe2/.arm/DS-5_CE_v5.27.0/workbench/plugins/fr.ac6.mcu.externaltools.arm-none.linux64_1.15.0.201708311556/tools/compiler/bin/../lib/gcc/arm-none-eabi/6.3.1/thumb/v7-m/crtbegin.o
 *(.bss*)
 *(COMMON)
 COMMON         0x0000000020000448        0x4 HAL_Driver/Src/stm32f1xx_hal.o
                0x0000000020000448                uwTick
 COMMON         0x000000002000044c       0x21 /home/joe2/.arm/DS-5_CE_v5.27.0/workbench/plugins/fr.ac6.mcu.externaltools.arm-none.linux64_1.15.0.201708311556/tools/compiler/bin/../lib/gcc/arm-none-eabi/6.3.1/../../../../arm-none-eabi/lib/thumb/v7-m/libc.a(lib_a-lock.o)
                0x000000002000044c                __lock___atexit_recursive_mutex
                0x0000000020000450                __lock___arc4random_mutex
                0x0000000020000454                __lock___env_recursive_mutex
                0x0000000020000458                __lock___sinit_recursive_mutex
                0x000000002000045c                __lock___malloc_recursive_mutex
                0x0000000020000460                __lock___at_quick_exit_mutex
                0x0000000020000464                __lock___dd_hash_mutex
                0x0000000020000468                __lock___tz_mutex
                0x000000002000046c                __lock___sfp_recursive_mutex
                0x0000000020000470                . = ALIGN (0x4)
 *fill*         0x000000002000046d        0x3 
                0x0000000020000470                _ebss = .
                0x0000000020000470                __bss_end__ = _ebss

._user_heap_stack
                0x0000000020000470      0x400 load address 0x0000000008000bf0
                0x0000000020000470                . = ALIGN (0x8)
                0x0000000020000470                PROVIDE (end, .)
                [!provide]                        PROVIDE (_end, .)
                0x0000000020000470                . = (. + _Min_Heap_Size)
                0x0000000020000870                . = (. + _Min_Stack_Size)
 *fill*         0x0000000020000470      0x400 
                0x0000000020000870                . = ALIGN (0x8)

/DISCARD/
 libc.a(*)
 libm.a(*)
 libgcc.a(*)

.ARM.attributes
                0x0000000000000000       0x29
 *(.ARM.attributes)
 .ARM.attributes
                0x0000000000000000       0x1d /home/joe2/.arm/DS-5_CE_v5.27.0/workbench/plugins/fr.ac6.mcu.externaltools.arm-none.linux64_1.15.0.201708311556/tools/compiler/bin/../lib/gcc/arm-none-eabi/6.3.1/thumb/v7-m/crti.o
 .ARM.attributes
                0x000000000000001d       0x2d /home/joe2/.arm/DS-5_CE_v5.27.0/workbench/plugins/fr.ac6.mcu.externaltools.arm-none.linux64_1.15.0.201708311556/tools/compiler/bin/../lib/gcc/arm-none-eabi/6.3.1/thumb/v7-m/crtbegin.o
 .ARM.attributes
                0x000000000000004a       0x33 HAL_Driver/Src/stm32f1xx_hal.o
 .ARM.attributes
                0x000000000000007d       0x33 HAL_Driver/Src/stm32f1xx_hal_cortex.o
 .ARM.attributes
                0x00000000000000b0       0x33 src/main.o
 .ARM.attributes
                0x00000000000000e3       0x33 src/stm32f1xx_it.o
 .ARM.attributes
                0x0000000000000116       0x33 src/system_stm32f1xx.o
 .ARM.attributes
                0x0000000000000149       0x21 startup/startup_stm32.o
 .ARM.attributes
                0x000000000000016a       0x2d /home/joe2/.arm/DS-5_CE_v5.27.0/workbench/plugins/fr.ac6.mcu.externaltools.arm-none.linux64_1.15.0.201708311556/tools/compiler/bin/../lib/gcc/arm-none-eabi/6.3.1/../../../../arm-none-eabi/lib/thumb/v7-m/libc.a(lib_a-impure.o)
 .ARM.attributes
                0x0000000000000197       0x2d /home/joe2/.arm/DS-5_CE_v5.27.0/workbench/plugins/fr.ac6.mcu.externaltools.arm-none.linux64_1.15.0.201708311556/tools/compiler/bin/../lib/gcc/arm-none-eabi/6.3.1/../../../../arm-none-eabi/lib/thumb/v7-m/libc.a(lib_a-init.o)
 .ARM.attributes
                0x00000000000001c4       0x2d /home/joe2/.arm/DS-5_CE_v5.27.0/workbench/plugins/fr.ac6.mcu.externaltools.arm-none.linux64_1.15.0.201708311556/tools/compiler/bin/../lib/gcc/arm-none-eabi/6.3.1/../../../../arm-none-eabi/lib/thumb/v7-m/libc.a(lib_a-__call_atexit.o)
 .ARM.attributes
                0x00000000000001f1       0x2d /home/joe2/.arm/DS-5_CE_v5.27.0/workbench/plugins/fr.ac6.mcu.externaltools.arm-none.linux64_1.15.0.201708311556/tools/compiler/bin/../lib/gcc/arm-none-eabi/6.3.1/../../../../arm-none-eabi/lib/thumb/v7-m/libc.a(lib_a-atexit.o)
 .ARM.attributes
                0x000000000000021e       0x2d /home/joe2/.arm/DS-5_CE_v5.27.0/workbench/plugins/fr.ac6.mcu.externaltools.arm-none.linux64_1.15.0.201708311556/tools/compiler/bin/../lib/gcc/arm-none-eabi/6.3.1/../../../../arm-none-eabi/lib/thumb/v7-m/libc.a(lib_a-fini.o)
 .ARM.attributes
                0x000000000000024b       0x2d /home/joe2/.arm/DS-5_CE_v5.27.0/workbench/plugins/fr.ac6.mcu.externaltools.arm-none.linux64_1.15.0.201708311556/tools/compiler/bin/../lib/gcc/arm-none-eabi/6.3.1/../../../../arm-none-eabi/lib/thumb/v7-m/libc.a(lib_a-lock.o)
 .ARM.attributes
                0x0000000000000278       0x2d /home/joe2/.arm/DS-5_CE_v5.27.0/workbench/plugins/fr.ac6.mcu.externaltools.arm-none.linux64_1.15.0.201708311556/tools/compiler/bin/../lib/gcc/arm-none-eabi/6.3.1/../../../../arm-none-eabi/lib/thumb/v7-m/libc.a(lib_a-__atexit.o)
 .ARM.attributes
                0x00000000000002a5       0x1d /home/joe2/.arm/DS-5_CE_v5.27.0/workbench/plugins/fr.ac6.mcu.externaltools.arm-none.linux64_1.15.0.201708311556/tools/compiler/bin/../lib/gcc/arm-none-eabi/6.3.1/thumb/v7-m/crtn.o
OUTPUT(lcdV1.elf elf32-littlearm)

.debug_info     0x0000000000000000     0x43f5
 .debug_info    0x0000000000000000      0xe49 HAL_Driver/Src/stm32f1xx_hal.o
 .debug_info    0x0000000000000e49     0x1317 HAL_Driver/Src/stm32f1xx_hal_cortex.o
 .debug_info    0x0000000000002160      0xcc4 src/main.o
 .debug_info    0x0000000000002e24      0x954 src/stm32f1xx_it.o
 .debug_info    0x0000000000003778      0xc18 src/system_stm32f1xx.o
 .debug_info    0x0000000000004390       0x65 startup/startup_stm32.o

.debug_abbrev   0x0000000000000000      0xcc8
 .debug_abbrev  0x0000000000000000      0x2ca HAL_Driver/Src/stm32f1xx_hal.o
 .debug_abbrev  0x00000000000002ca      0x394 HAL_Driver/Src/stm32f1xx_hal_cortex.o
 .debug_abbrev  0x000000000000065e      0x281 src/main.o
 .debug_abbrev  0x00000000000008df      0x1b1 src/stm32f1xx_it.o
 .debug_abbrev  0x0000000000000a90      0x226 src/system_stm32f1xx.o
 .debug_abbrev  0x0000000000000cb6       0x12 startup/startup_stm32.o

.debug_aranges  0x0000000000000000      0x2c8
 .debug_aranges
                0x0000000000000000       0xb8 HAL_Driver/Src/stm32f1xx_hal.o
 .debug_aranges
                0x00000000000000b8      0x100 HAL_Driver/Src/stm32f1xx_hal_cortex.o
 .debug_aranges
                0x00000000000001b8       0xa0 src/main.o
 .debug_aranges
                0x0000000000000258       0x20 src/stm32f1xx_it.o
 .debug_aranges
                0x0000000000000278       0x28 src/system_stm32f1xx.o
 .debug_aranges
                0x00000000000002a0       0x28 startup/startup_stm32.o

.debug_ranges   0x0000000000000000      0x270
 .debug_ranges  0x0000000000000000       0xa8 HAL_Driver/Src/stm32f1xx_hal.o
 .debug_ranges  0x00000000000000a8       0xf0 HAL_Driver/Src/stm32f1xx_hal_cortex.o
 .debug_ranges  0x0000000000000198       0x90 src/main.o
 .debug_ranges  0x0000000000000228       0x10 src/stm32f1xx_it.o
 .debug_ranges  0x0000000000000238       0x18 src/system_stm32f1xx.o
 .debug_ranges  0x0000000000000250       0x20 startup/startup_stm32.o

.debug_macro    0x0000000000000000    0x160c2
 .debug_macro   0x0000000000000000      0x428 HAL_Driver/Src/stm32f1xx_hal.o
 .debug_macro   0x0000000000000428      0x8c8 HAL_Driver/Src/stm32f1xx_hal.o
 .debug_macro   0x0000000000000cf0      0x224 HAL_Driver/Src/stm32f1xx_hal.o
 .debug_macro   0x0000000000000f14       0x28 HAL_Driver/Src/stm32f1xx_hal.o
 .debug_macro   0x0000000000000f3c       0x22 HAL_Driver/Src/stm32f1xx_hal.o
 .debug_macro   0x0000000000000f5e       0x22 HAL_Driver/Src/stm32f1xx_hal.o
 .debug_macro   0x0000000000000f80       0x87 HAL_Driver/Src/stm32f1xx_hal.o
 .debug_macro   0x0000000000001007       0x51 HAL_Driver/Src/stm32f1xx_hal.o
 .debug_macro   0x0000000000001058       0xef HAL_Driver/Src/stm32f1xx_hal.o
 .debug_macro   0x0000000000001147       0x6a HAL_Driver/Src/stm32f1xx_hal.o
 .debug_macro   0x00000000000011b1      0x1df HAL_Driver/Src/stm32f1xx_hal.o
 .debug_macro   0x0000000000001390       0x34 HAL_Driver/Src/stm32f1xx_hal.o
 .debug_macro   0x00000000000013c4       0x34 HAL_Driver/Src/stm32f1xx_hal.o
 .debug_macro   0x00000000000013f8      0xb8e HAL_Driver/Src/stm32f1xx_hal.o
 .debug_macro   0x0000000000001f86     0xe90a HAL_Driver/Src/stm32f1xx_hal.o
 .debug_macro   0x0000000000010890       0x43 HAL_Driver/Src/stm32f1xx_hal.o
 .debug_macro   0x00000000000108d3       0x58 HAL_Driver/Src/stm32f1xx_hal.o
 .debug_macro   0x000000000001092b       0x35 HAL_Driver/Src/stm32f1xx_hal.o
 .debug_macro   0x0000000000010960       0x9c HAL_Driver/Src/stm32f1xx_hal.o
 .debug_macro   0x00000000000109fc       0x16 HAL_Driver/Src/stm32f1xx_hal.o
 .debug_macro   0x0000000000010a12       0x97 HAL_Driver/Src/stm32f1xx_hal.o
 .debug_macro   0x0000000000010aa9      0x330 HAL_Driver/Src/stm32f1xx_hal.o
 .debug_macro   0x0000000000010dd9       0xfd HAL_Driver/Src/stm32f1xx_hal.o
 .debug_macro   0x0000000000010ed6       0x10 HAL_Driver/Src/stm32f1xx_hal.o
 .debug_macro   0x0000000000010ee6       0x58 HAL_Driver/Src/stm32f1xx_hal.o
 .debug_macro   0x0000000000010f3e       0x1f HAL_Driver/Src/stm32f1xx_hal.o
 .debug_macro   0x0000000000010f5d       0x43 HAL_Driver/Src/stm32f1xx_hal.o
 .debug_macro   0x0000000000010fa0       0x20 HAL_Driver/Src/stm32f1xx_hal.o
 .debug_macro   0x0000000000010fc0      0x187 HAL_Driver/Src/stm32f1xx_hal.o
 .debug_macro   0x0000000000011147       0x10 HAL_Driver/Src/stm32f1xx_hal.o
 .debug_macro   0x0000000000011157       0x1c HAL_Driver/Src/stm32f1xx_hal.o
 .debug_macro   0x0000000000011173       0x52 HAL_Driver/Src/stm32f1xx_hal.o
 .debug_macro   0x00000000000111c5       0x40 HAL_Driver/Src/stm32f1xx_hal.o
 .debug_macro   0x0000000000011205       0x10 HAL_Driver/Src/stm32f1xx_hal.o
 .debug_macro   0x0000000000011215       0x40 HAL_Driver/Src/stm32f1xx_hal.o
 .debug_macro   0x0000000000011255       0xd7 HAL_Driver/Src/stm32f1xx_hal.o
 .debug_macro   0x000000000001132c       0x16 HAL_Driver/Src/stm32f1xx_hal.o
 .debug_macro   0x0000000000011342      0x18b HAL_Driver/Src/stm32f1xx_hal.o
 .debug_macro   0x00000000000114cd       0x57 HAL_Driver/Src/stm32f1xx_hal.o
 .debug_macro   0x0000000000011524      0x5c2 HAL_Driver/Src/stm32f1xx_hal.o
 .debug_macro   0x0000000000011ae6      0x28b HAL_Driver/Src/stm32f1xx_hal.o
 .debug_macro   0x0000000000011d71      0x1cb HAL_Driver/Src/stm32f1xx_hal.o
 .debug_macro   0x0000000000011f3c      0x11e HAL_Driver/Src/stm32f1xx_hal.o
 .debug_macro   0x000000000001205a      0x197 HAL_Driver/Src/stm32f1xx_hal.o
 .debug_macro   0x00000000000121f1       0x27 HAL_Driver/Src/stm32f1xx_hal.o
 .debug_macro   0x0000000000012218      0x1bc HAL_Driver/Src/stm32f1xx_hal.o
 .debug_macro   0x00000000000123d4       0x34 HAL_Driver/Src/stm32f1xx_hal.o
 .debug_macro   0x0000000000012408       0x3c HAL_Driver/Src/stm32f1xx_hal.o
 .debug_macro   0x0000000000012444      0x3a6 HAL_Driver/Src/stm32f1xx_hal.o
 .debug_macro   0x00000000000127ea       0x10 HAL_Driver/Src/stm32f1xx_hal.o
 .debug_macro   0x00000000000127fa       0x74 HAL_Driver/Src/stm32f1xx_hal.o
 .debug_macro   0x000000000001286e       0x57 HAL_Driver/Src/stm32f1xx_hal.o
 .debug_macro   0x00000000000128c5      0x46a HAL_Driver/Src/stm32f1xx_hal.o
 .debug_macro   0x0000000000012d2f      0x1b5 HAL_Driver/Src/stm32f1xx_hal.o
 .debug_macro   0x0000000000012ee4       0x22 HAL_Driver/Src/stm32f1xx_hal.o
 .debug_macro   0x0000000000012f06       0x8c HAL_Driver/Src/stm32f1xx_hal.o
 .debug_macro   0x0000000000012f92      0x242 HAL_Driver/Src/stm32f1xx_hal.o
 .debug_macro   0x00000000000131d4      0x248 HAL_Driver/Src/stm32f1xx_hal.o
 .debug_macro   0x000000000001341c       0x79 HAL_Driver/Src/stm32f1xx_hal.o
 .debug_macro   0x0000000000013495      0x143 HAL_Driver/Src/stm32f1xx_hal.o
 .debug_macro   0x00000000000135d8      0x1ef HAL_Driver/Src/stm32f1xx_hal.o
 .debug_macro   0x00000000000137c7       0xf2 HAL_Driver/Src/stm32f1xx_hal.o
 .debug_macro   0x00000000000138b9      0x1f4 HAL_Driver/Src/stm32f1xx_hal.o
 .debug_macro   0x0000000000013aad      0x84c HAL_Driver/Src/stm32f1xx_hal.o
 .debug_macro   0x00000000000142f9       0x1f HAL_Driver/Src/stm32f1xx_hal.o
 .debug_macro   0x0000000000014318      0x26b HAL_Driver/Src/stm32f1xx_hal.o
 .debug_macro   0x0000000000014583      0x217 HAL_Driver/Src/stm32f1xx_hal.o
 .debug_macro   0x000000000001479a      0x1a7 HAL_Driver/Src/stm32f1xx_hal.o
 .debug_macro   0x0000000000014941      0x2cd HAL_Driver/Src/stm32f1xx_hal.o
 .debug_macro   0x0000000000014c0e       0x89 HAL_Driver/Src/stm32f1xx_hal.o
 .debug_macro   0x0000000000014c97       0x50 HAL_Driver/Src/stm32f1xx_hal.o
 .debug_macro   0x0000000000014ce7      0x26c HAL_Driver/Src/stm32f1xx_hal.o
 .debug_macro   0x0000000000014f53       0x7c HAL_Driver/Src/stm32f1xx_hal.o
 .debug_macro   0x0000000000014fcf      0x404 HAL_Driver/Src/stm32f1xx_hal_cortex.o
 .debug_macro   0x00000000000153d3      0x40d src/main.o
 .debug_macro   0x00000000000157e0       0xca src/main.o
 .debug_macro   0x00000000000158aa      0x40e src/stm32f1xx_it.o
 .debug_macro   0x0000000000015cb8      0x40a src/system_stm32f1xx.o

.debug_line     0x0000000000000000     0x354c
 .debug_line    0x0000000000000000      0xad5 HAL_Driver/Src/stm32f1xx_hal.o
 .debug_line    0x0000000000000ad5      0xc03 HAL_Driver/Src/stm32f1xx_hal_cortex.o
 .debug_line    0x00000000000016d8      0xacb src/main.o
 .debug_line    0x00000000000021a3      0x991 src/stm32f1xx_it.o
 .debug_line    0x0000000000002b34      0x99c src/system_stm32f1xx.o
 .debug_line    0x00000000000034d0       0x7c startup/startup_stm32.o

.debug_str      0x0000000000000000    0x811f5
 .debug_str     0x0000000000000000    0x80a5b HAL_Driver/Src/stm32f1xx_hal.o
                                      0x80dd6 (size before relaxing)
 .debug_str     0x0000000000080a5b      0x31e HAL_Driver/Src/stm32f1xx_hal_cortex.o
                                      0x80e26 (size before relaxing)
 .debug_str     0x0000000000080d79      0x3db src/main.o
                                      0x80b38 (size before relaxing)
 .debug_str     0x0000000000081154       0x38 src/stm32f1xx_it.o
                                      0x80756 (size before relaxing)
 .debug_str     0x000000000008118c       0x69 src/system_stm32f1xx.o
                                      0x8082a (size before relaxing)

.comment        0x0000000000000000       0x7f
 .comment       0x0000000000000000       0x7f HAL_Driver/Src/stm32f1xx_hal.o
                                         0x80 (size before relaxing)
 .comment       0x000000000000007f       0x80 HAL_Driver/Src/stm32f1xx_hal_cortex.o
 .comment       0x000000000000007f       0x80 src/main.o
 .comment       0x000000000000007f       0x80 src/stm32f1xx_it.o
 .comment       0x000000000000007f       0x80 src/system_stm32f1xx.o

.debug_frame    0x0000000000000000      0xb54
 .debug_frame   0x0000000000000000      0x298 HAL_Driver/Src/stm32f1xx_hal.o
 .debug_frame   0x0000000000000298      0x428 HAL_Driver/Src/stm32f1xx_hal_cortex.o
 .debug_frame   0x00000000000006c0      0x250 src/main.o
 .debug_frame   0x0000000000000910       0x2c src/stm32f1xx_it.o
 .debug_frame   0x000000000000093c       0x58 src/system_stm32f1xx.o
 .debug_frame   0x0000000000000994       0x2c /home/joe2/.arm/DS-5_CE_v5.27.0/workbench/plugins/fr.ac6.mcu.externaltools.arm-none.linux64_1.15.0.201708311556/tools/compiler/bin/../lib/gcc/arm-none-eabi/6.3.1/../../../../arm-none-eabi/lib/thumb/v7-m/libc.a(lib_a-init.o)
 .debug_frame   0x00000000000009c0       0x5c /home/joe2/.arm/DS-5_CE_v5.27.0/workbench/plugins/fr.ac6.mcu.externaltools.arm-none.linux64_1.15.0.201708311556/tools/compiler/bin/../lib/gcc/arm-none-eabi/6.3.1/../../../../arm-none-eabi/lib/thumb/v7-m/libc.a(lib_a-__call_atexit.o)
 .debug_frame   0x0000000000000a1c       0x20 /home/joe2/.arm/DS-5_CE_v5.27.0/workbench/plugins/fr.ac6.mcu.externaltools.arm-none.linux64_1.15.0.201708311556/tools/compiler/bin/../lib/gcc/arm-none-eabi/6.3.1/../../../../arm-none-eabi/lib/thumb/v7-m/libc.a(lib_a-atexit.o)
 .debug_frame   0x0000000000000a3c       0x34 /home/joe2/.arm/DS-5_CE_v5.27.0/workbench/plugins/fr.ac6.mcu.externaltools.arm-none.linux64_1.15.0.201708311556/tools/compiler/bin/../lib/gcc/arm-none-eabi/6.3.1/../../../../arm-none-eabi/lib/thumb/v7-m/libc.a(lib_a-fini.o)
 .debug_frame   0x0000000000000a70       0xb0 /home/joe2/.arm/DS-5_CE_v5.27.0/workbench/plugins/fr.ac6.mcu.externaltools.arm-none.linux64_1.15.0.201708311556/tools/compiler/bin/../lib/gcc/arm-none-eabi/6.3.1/../../../../arm-none-eabi/lib/thumb/v7-m/libc.a(lib_a-lock.o)
 .debug_frame   0x0000000000000b20       0x34 /home/joe2/.arm/DS-5_CE_v5.27.0/workbench/plugins/fr.ac6.mcu.externaltools.arm-none.linux64_1.15.0.201708311556/tools/compiler/bin/../lib/gcc/arm-none-eabi/6.3.1/../../../../arm-none-eabi/lib/thumb/v7-m/libc.a(lib_a-__atexit.o)
